ASxxxx Linker V03.00/V05.40 + sdld,  page 1.
Hexadecimal  [32-Bits]

Area                                    Addr        Size        Decimal Bytes (Attributes)
--------------------------------        ----        ----        ------- ----- ------------
.  .ABS.                            00000000    00000000 =           0. bytes (ABS,CON)

      Value  Global                              Global Defined In Module
      -----  --------------------------------   ------------------------
     00000000  .__.ABS.                           SetTileMap
     00000000  _rRAMG                             
     00000000  l__BASE                         
     00000000  l__BSS                          
     00000000  l__CABS                         
     00000000  l__CODE_0                       
     00000000  l__DABS                         
     00000000  l__HEADER                       
     00000000  l__HEADER_LCD                   
     00000000  l__HEAP                         
     00000000  l__HEAP_END                     
     00000000  l__HRAM                         
     00000000  l__LIT                          
     00000000  s__CABS                         
     00000000  s__DABS                         
     00000000  s__HEADER                       
     00000000  s__HEADER0                      
     00000000  s__HEADER1                      
     00000000  s__HEADER10                     
     00000000  s__HEADER11                     
     00000000  s__HEADER2                      
     00000000  s__HEADER3                      
     00000000  s__HEADER4                      
     00000000  s__HEADER5                      
     00000000  s__HEADER6                      
     00000000  s__HEADER7                      
     00000000  s__HEADER8                      
     00000000  s__HEADER9                      
     00000000  s__HEADER_LCD                   
     00000000  s__HEADER_LCD0                  
     00000000  s__HEADERa                      
     00000000  s__HEADERb                      
     00000000  s__HEADERc                      
     00000000  s__HEADERd                      
     00000000  s__HEADERe                      
     00000000  s__HEADERf                      
     00000000  s__HRAM                         
     00000000  s__HRAM12                       
     00000001  ___bank_gbstudio_panic             gbstudio_panic
     00000001  ___bank_gbstudio_panic_attr        gbstudio_panic
     00000001  ___bank_gbstudio_panic_map         gbstudio_panic
     00000001  ___bank_gbstudio_panic_palette     gbstudio_panic
     00000001  ___bank_gbstudio_panic_tiles       gbstudio_panic
     00000001  l__GSFINAL                      
     00000001  l__HEADER0                      
     00000001  l__HEADER5                      
     00000001  l__HEADERa                      
     00000001  l__HEADERb                      
     00000001  l__HEADERc                      
     00000001  l__HEADERe                      
ASxxxx Linker V03.00/V05.40 + sdld,  page 2.
Hexadecimal  [32-Bits]

Area                                    Addr        Size        Decimal Bytes (Attributes)
--------------------------------        ----        ----        ------- ----- ------------
.  .ABS.                            00000000    00000000 =           0. bytes (ABS,CON)

      Value  Global                              Global Defined In Module
      -----  --------------------------------   ------------------------
     00000001  l__HEADERf                      
     00000001  l__INITIALIZED                  
     00000001  l__INITIALIZER                  
     00000002  ___bank_macosx_panic               macosx_panic
     00000002  ___bank_macosx_panic_attr          macosx_panic
     00000002  ___bank_macosx_panic_map           macosx_panic
     00000002  ___bank_macosx_panic_palette       macosx_panic
     00000002  ___bank_macosx_panic_tiles         macosx_panic
     00000002  l__HEADER10                     
     00000002  l__HEADER6                      
     00000002  l__HEADERd                      
     00000003  ___bank_amiga_meditate             amiga_meditate
     00000003  ___bank_amiga_meditate_attr        amiga_meditate
     00000003  ___bank_amiga_meditate_map         amiga_meditate
     00000003  ___bank_amiga_meditate_palette     amiga_meditate
     00000003  ___bank_amiga_meditate_tiles       amiga_meditate
     00000003  ___bank_gbbsod_longhorn            gbbsod_longhorn
     00000003  ___bank_gbbsod_longhorn_attr       gbbsod_longhorn
     00000003  ___bank_gbbsod_longhorn_map        gbbsod_longhorn
     00000003  ___bank_gbbsod_longhorn_palette    gbbsod_longhorn
     00000003  ___bank_gbbsod_longhorn_tiles      gbbsod_longhorn
     00000003  l__HEADER9                      
     00000003  l__HEADER_LCD0                  
     00000003  l__HRAM12                       
     00000004  ___bank_gb_win9xbsod               gb_win9xbsod
     00000004  ___bank_gb_win9xbsod_attr          gb_win9xbsod
     00000004  ___bank_gb_win9xbsod_map           gb_win9xbsod
     00000004  ___bank_gb_win9xbsod_palette       gb_win9xbsod
     00000004  ___bank_gb_win9xbsod_tiles         gb_win9xbsod
     00000004  ___bank_gbbsod_smallqr             gbbsod_smallqr
     00000004  ___bank_gbbsod_smallqr_attr        gbbsod_smallqr
     00000004  ___bank_gbbsod_smallqr_map         gbbsod_smallqr
     00000004  ___bank_gbbsod_smallqr_palette     gbbsod_smallqr
     00000004  ___bank_gbbsod_smallqr_tiles       gbbsod_smallqr
     00000005  ___bank_gbbsod_win8                gbbsod_win8
     00000005  ___bank_gbbsod_win8_attr           gbbsod_win8
     00000005  ___bank_gbbsod_win8_map            gbbsod_win8
     00000005  ___bank_gbbsod_win8_palette        gbbsod_win8
     00000005  ___bank_gbbsod_win8_tiles          gbbsod_win8
     00000005  ___bank_macos_classic              macos_classic
     00000005  ___bank_macos_classic_attr         macos_classic
     00000005  ___bank_macos_classic_map          macos_classic
     00000005  ___bank_macos_classic_palette      macos_classic
     00000005  ___bank_macos_classic_tiles        macos_classic
     00000005  l__HEADER1                      
     00000006  l__HEADER8                      
     00000007  l__HEADER2                      
     00000008  l__HEADER3                      
     0000000C  l__GSINIT                       
     00000024  l__DATA                         
     00000030  l__HEADER7                      
ASxxxx Linker V03.00/V05.40 + sdld,  page 3.
Hexadecimal  [32-Bits]

Area                                    Addr        Size        Decimal Bytes (Attributes)
--------------------------------        ----        ----        ------- ----- ------------
.  .ABS.                            00000000    00000000 =           0. bytes (ABS,CON)

      Value  Global                              Global Defined In Module
      -----  --------------------------------   ------------------------
     00000060  l__HEADER4                      
     000000AB  l__HEADER11                     
     00000168  ___size_amiga_meditate_attr        amiga_meditate
     00000168  ___size_amiga_meditate_map         amiga_meditate
     00000168  ___size_gb_win9xbsod_attr          gb_win9xbsod
     00000168  ___size_gb_win9xbsod_map           gb_win9xbsod
     00000168  ___size_gbbsod_longhorn_attr       gbbsod_longhorn
     00000168  ___size_gbbsod_longhorn_map        gbbsod_longhorn
     00000168  ___size_gbbsod_smallqr_attr        gbbsod_smallqr
     00000168  ___size_gbbsod_smallqr_map         gbbsod_smallqr
     00000168  ___size_gbbsod_win8_attr           gbbsod_win8
     00000168  ___size_gbbsod_win8_map            gbbsod_win8
     00000168  ___size_gbstudio_panic_attr        gbstudio_panic
     00000168  ___size_gbstudio_panic_map         gbstudio_panic
     00000168  ___size_macos_classic_attr         macos_classic
     00000168  ___size_macos_classic_map          macos_classic
     00000168  ___size_macosx_panic_attr          macosx_panic
     00000168  ___size_macosx_panic_map           macosx_panic
     00000200  s__CODE                         
     00000276  l__CODE                         
     000003CB  l__HOME                         
     00000476  s__HOME                         
     000004D0  ___size_amiga_meditate_tiles       amiga_meditate
     000007A0  ___size_macos_classic_tiles        macos_classic
     00000820  ___size_gbbsod_win8_tiles          gbbsod_win8
     00000841  s__BASE                         
     00000841  s__CODE_0                       
     00000841  s__INITIALIZER                  
     00000841  s__LIT                          
     00000842  s__GSINIT                       
     0000084E  s__GSFINAL                      
     00000A70  ___size_gbbsod_smallqr_tiles       gbbsod_smallqr
     00000AA0  ___size_gb_win9xbsod_tiles         gb_win9xbsod
     00000F40  ___size_gbbsod_longhorn_tiles      gbbsod_longhorn
     00001221  ___size_amiga_meditate_palette     amiga_meditate
     00001221  ___size_gb_win9xbsod_palette       gb_win9xbsod
     00001221  ___size_gbbsod_longhorn_palette    gbbsod_longhorn
     00001221  ___size_gbbsod_smallqr_palette     gbbsod_smallqr
     00001221  ___size_gbbsod_win8_palette        gbbsod_win8
     00001221  ___size_gbstudio_panic_palette     gbstudio_panic
     00001221  ___size_macos_classic_palette      macos_classic
     00001221  ___size_macosx_panic_palette       macosx_panic
     00001230  ___size_macosx_panic_tiles         macosx_panic
     00001260  ___size_gbstudio_panic_tiles       gbstudio_panic
     00002000  _rROMB0                            
     0000272C  l__CODE_2                       
     0000275C  l__CODE_1                       
     00003000  _rROMB1                            
     000039B8  l__CODE_5                       
     00003E08  l__CODE_3                       
     00003F08  l__CODE_4                       
ASxxxx Linker V03.00/V05.40 + sdld,  page 4.
Hexadecimal  [32-Bits]

Area                                    Addr        Size        Decimal Bytes (Attributes)
--------------------------------        ----        ----        ------- ----- ------------
.  .ABS.                            00000000    00000000 =           0. bytes (ABS,CON)

      Value  Global                              Global Defined In Module
      -----  --------------------------------   ------------------------
     00004000  _rRAMB                             
     00008000  __VRAM                             
     00008000  __VRAM8000                         
     00008800  __VRAM8800                         
     00009000  __VRAM9000                         
     00009800  __SCRN0                            
     00009C00  __SCRN1                            
     0000A000  G$sram_randseed$0_0$0              rng_data
     0000A000  __SRAM                             
     0000A000  _sram_randseed                     rng_data
     0000C000  __RAM                              
     0000C000  _shadow_OAM                     
     0000C0A0  s__DATA                         
     0000C0C4  s__BSS                          
     0000C0C4  s__INITIALIZED                  
     0000C0C5  s__HEAP                         
     0000C0C5  s__HEAP_END                     
     0000D000  __RAMBANK                          
     0000E000  .STACK                          
     0000FE00  __OAMRAM                           
     0000FF00  _P1_REG                            
     0000FF00  __IO                               
     0000FF01  _SB_REG                            
     0000FF02  _SC_REG                            
     0000FF04  _DIV_REG                           
     0000FF05  _TIMA_REG                          
     0000FF06  _TMA_REG                           
     0000FF07  _TAC_REG                           
     0000FF0F  _IF_REG                            
     0000FF10  _NR10_REG                          
     0000FF11  _NR11_REG                          
     0000FF12  _NR12_REG                          
     0000FF13  _NR13_REG                          
     0000FF14  _NR14_REG                          
     0000FF16  _NR21_REG                          
     0000FF17  _NR22_REG                          
     0000FF18  _NR23_REG                          
     0000FF19  _NR24_REG                          
     0000FF1A  _NR30_REG                          
     0000FF1B  _NR31_REG                          
     0000FF1C  _NR32_REG                          
     0000FF1D  _NR33_REG                          
     0000FF1E  _NR34_REG                          
     0000FF20  _NR41_REG                          
     0000FF21  _NR42_REG                          
     0000FF22  _NR43_REG                          
     0000FF23  _NR44_REG                          
     0000FF24  _NR50_REG                          
     0000FF25  _NR51_REG                          
     0000FF26  _NR52_REG                          
     0000FF30  _AUD3WAVE                          
ASxxxx Linker V03.00/V05.40 + sdld,  page 5.
Hexadecimal  [32-Bits]

Area                                    Addr        Size        Decimal Bytes (Attributes)
--------------------------------        ----        ----        ------- ----- ------------
.  .ABS.                            00000000    00000000 =           0. bytes (ABS,CON)

      Value  Global                              Global Defined In Module
      -----  --------------------------------   ------------------------
     0000FF30  _PCM_SAMPLE                        
     0000FF30  __AUD3WAVERAM                      
     0000FF40  _LCDC_REG                          
     0000FF41  _STAT_REG                          
     0000FF42  _SCY_REG                           
     0000FF43  _SCX_REG                           
     0000FF44  _LY_REG                            
     0000FF45  _LYC_REG                           
     0000FF46  _DMA_REG                           
     0000FF47  _BGP_REG                           
     0000FF48  _OBP0_REG                          
     0000FF49  _OBP1_REG                          
     0000FF4A  _WY_REG                            
     0000FF4B  _WX_REG                            
     0000FF4D  _KEY1_REG                          
     0000FF4F  _VBK_REG                           
     0000FF51  _HDMA1_REG                         
     0000FF52  _HDMA2_REG                         
     0000FF53  _HDMA3_REG                         
     0000FF54  _HDMA4_REG                         
     0000FF55  _HDMA5_REG                         
     0000FF56  _RP_REG                            
     0000FF68  _BCPS_REG                          
     0000FF69  _BCPD_REG                          
     0000FF6A  _OCPS_REG                          
     0000FF6B  _OCPD_REG                          
     0000FF70  _SVBK_REG                          
     0000FF76  _PCM12_REG                         
     0000FF77  _PCM34_REG                         
     0000FF80  .refresh_OAM                    
     0000FF80  __HRAM                             
     0000FFFF  _IE_REG                            
     00014000  s__CODE_1                       
     00024000  s__CODE_2                       
     00034000  s__CODE_3                       
     00044000  s__CODE_4                       
     00054000  s__CODE_5                       
ASxxxx Linker V03.00/V05.40 + sdld,  page 6.
Hexadecimal  [32-Bits]

Area                                    Addr        Size        Decimal Bytes (Attributes)
--------------------------------        ----        ----        ------- ----- ------------
_CODE                               00000200    00000276 =         630. bytes (REL,CON)

      Value  Global                              Global Defined In Module
      -----  --------------------------------   ------------------------
     00000200  A$main$69                          main
     00000200  C$main.c$54$0_0$144                main
     00000200  G$main$0$0                         main
     00000200  _main                              main
     00000202  A$main$73                          main
     00000202  C$main.c$57$2_0$144                main
     00000204  A$main$74                          main
     00000206  A$main$78                          main
     00000206  C$main.c$58$2_0$144                main
     00000208  A$main$79                          main
     0000020A  A$main$83                          main
     0000020A  C$main.c$59$2_0$144                main
     0000020C  A$main$84                          main
     0000020E  A$main$88                          main
     0000020E  C$main.c$63$1_0$144                main
     00000210  A$main$89                          main
     00000212  A$main$90                          main
     00000214  A$main$94                          main
     00000214  C$main.c$66$1_0$144                main
     00000217  A$main$95                          main
     00000219  A$main$96                          main
     0000021C  A$main$100                         main
     0000021C  C$main.c$68$2_0$145                main
     0000021F  A$main$108                         main
     0000021F  C$main.c$70$2_0$145                main
     0000021F  C$main.c$72$3_0$146                main
     00000222  A$main$112                         main
     00000222  C$main.c$73$3_0$146                main
     00000225  A$main$113                         main
     00000228  A$main$114                         main
     0000022B  A$main$115                         main
     0000022D  A$main$116                         main
     0000022E  A$main$117                         main
     0000022F  A$main$118                         main
     00000232  A$main$122                         main
     00000232  C$main.c$76$3_0$146                main
     00000235  A$main$123                         main
     00000237  A$main$124                         main
     00000238  A$main$125                         main
     00000239  A$main$126                         main
     0000023A  A$main$127                         main
     0000023B  A$main$128                         main
     0000023C  A$main$129                         main
     0000023E  A$main$130                         main
     0000023F  A$main$131                         main
     00000240  A$main$132                         main
     00000241  A$main$133                         main
     00000242  A$main$134                         main
     00000245  A$main$135                         main
     00000247  A$main$136                         main
ASxxxx Linker V03.00/V05.40 + sdld,  page 7.
Hexadecimal  [32-Bits]

Area                                    Addr        Size        Decimal Bytes (Attributes)
--------------------------------        ----        ----        ------- ----- ------------
_CODE                               00000200    00000276 =         630. bytes (REL,CON)

      Value  Global                              Global Defined In Module
      -----  --------------------------------   ------------------------
     00000248  A$main$137                         main
     00000249  A$main$138                         main
     0000024A  A$main$139                         main
     0000024B  A$main$140                         main
     0000024C  A$main$141                         main
     0000024D  A$main$142                         main
     0000024F  A$main$143                         main
     00000250  A$main$144                         main
     00000251  A$main$145                         main
     00000253  A$main$146                         main
     00000254  A$main$147                         main
     00000256  A$main$148                         main
     00000257  A$main$149                         main
     00000258  A$main$150                         main
     0000025A  A$main$151                         main
     0000025C  A$main$152                         main
     0000025E  A$main$153                         main
     00000260  A$main$154                         main
     00000263  A$main$159                         main
     00000263  C$main.c$78$4_0$147                main
     00000266  A$main$163                         main
     00000266  C$main.c$80$4_0$147                main
     00000269  A$main$164                         main
     0000026B  A$main$165                         main
     0000026C  A$main$166                         main
     0000026D  A$main$167                         main
     0000026E  A$main$168                         main
     0000026F  A$main$169                         main
     00000270  A$main$170                         main
     00000272  A$main$171                         main
     00000273  A$main$172                         main
     00000274  A$main$173                         main
     00000275  A$main$174                         main
     00000276  A$main$175                         main
     00000279  A$main$176                         main
     0000027B  A$main$177                         main
     0000027C  A$main$178                         main
     0000027D  A$main$179                         main
     0000027E  A$main$180                         main
     0000027F  A$main$181                         main
     00000280  A$main$182                         main
     00000281  A$main$183                         main
     00000283  A$main$184                         main
     00000284  A$main$185                         main
     00000285  A$main$186                         main
     00000287  A$main$187                         main
     00000288  A$main$188                         main
     0000028A  A$main$189                         main
     0000028B  A$main$190                         main
     0000028C  A$main$191                         main
     0000028E  A$main$192                         main
ASxxxx Linker V03.00/V05.40 + sdld,  page 8.
Hexadecimal  [32-Bits]

Area                                    Addr        Size        Decimal Bytes (Attributes)
--------------------------------        ----        ----        ------- ----- ------------
_CODE                               00000200    00000276 =         630. bytes (REL,CON)

      Value  Global                              Global Defined In Module
      -----  --------------------------------   ------------------------
     00000290  A$main$196                         main
     00000290  C$main.c$81$5_0$148                main
     00000292  A$main$197                         main
     00000293  A$main$201                         main
     00000293  C$main.c$82$5_0$148                main
     00000294  A$main$202                         main
     00000296  A$main$203                         main
     00000298  A$main$204                         main
     0000029A  A$main$205                         main
     0000029C  A$main$206                         main
     0000029E  A$main$211                         main
     0000029E  C$main.c$84$4_0$147                main
     000002A0  A$main$212                         main
     000002A1  A$main$213                         main
     000002A3  A$main$214                         main
     000002A5  A$main$218                         main
     000002A5  C$main.c$85$5_0$149                main
     000002A7  A$main$219                         main
     000002A8  A$main$220                         main
     000002A9  A$main$221                         main
     000002AB  A$main$222                         main
     000002AD  A$main$223                         main
     000002AF  A$main$228                         main
     000002AF  C$main.c$86$5_0$149                main
     000002B1  A$main$229                         main
     000002B2  A$main$234                         main
     000002B2  C$main.c$89$4_0$147                main
     000002B5  A$main$238                         main
     000002B5  C$main.c$90$4_0$147                main
     000002B8  A$main$242                         main
     000002B8  C$main.c$93$4_0$147                main
     000002BA  A$main$243                         main
     000002BB  A$main$244                         main
     000002BD  A$main$245                         main
     000002BE  A$main$246                         main
     000002BF  A$main$247                         main
     000002C0  A$main$248                         main
     000002C1  A$main$249                         main
     000002C2  A$main$250                         main
     000002C3  A$main$251                         main
     000002C6  A$main$252                         main
     000002C7  A$main$253                         main
     000002C8  A$main$254                         main
     000002C9  A$main$255                         main
     000002CB  A$main$256                         main
     000002CC  A$main$257                         main
     000002CD  A$main$258                         main
     000002CE  A$main$259                         main
     000002D0  A$main$260                         main
     000002D1  A$main$261                         main
     000002D2  A$main$262                         main
ASxxxx Linker V03.00/V05.40 + sdld,  page 9.
Hexadecimal  [32-Bits]

Area                                    Addr        Size        Decimal Bytes (Attributes)
--------------------------------        ----        ----        ------- ----- ------------
_CODE                               00000200    00000276 =         630. bytes (REL,CON)

      Value  Global                              Global Defined In Module
      -----  --------------------------------   ------------------------
     000002D3  A$main$263                         main
     000002D4  A$main$264                         main
     000002D5  A$main$265                         main
     000002D7  A$main$266                         main
     000002D8  A$main$270                         main
     000002D8  C$main.c$94$4_0$147                main
     000002DA  A$main$271                         main
     000002DB  A$main$272                         main
     000002DC  A$main$273                         main
     000002DD  A$main$274                         main
     000002DE  A$main$275                         main
     000002DF  A$main$276                         main
     000002E0  A$main$277                         main
     000002E1  A$main$278                         main
     000002E2  A$main$279                         main
     000002E4  A$main$280                         main
     000002E5  A$main$281                         main
     000002E6  A$main$282                         main
     000002E7  A$main$283                         main
     000002E9  A$main$284                         main
     000002EA  A$main$285                         main
     000002EB  A$main$286                         main
     000002EC  A$main$287                         main
     000002ED  A$main$288                         main
     000002EE  A$main$289                         main
     000002EF  A$main$290                         main
     000002F0  A$main$291                         main
     000002F1  A$main$292                         main
     000002F2  A$main$293                         main
     000002F3  A$main$294                         main
     000002F4  A$main$295                         main
     000002F6  A$main$296                         main
     000002F7  A$main$297                         main
     000002F9  A$main$298                         main
     000002FA  A$main$299                         main
     000002FC  A$main$303                         main
     000002FC  C$main.c$96$5_0$150                main
     000002FD  A$main$304                         main
     000002FF  A$main$305                         main
     00000300  A$main$309                         main
     00000300  C$main.c$97$4_1$150                main
     00000302  A$main$310                         main
     00000303  A$main$311                         main
     00000304  A$main$312                         main
     00000306  A$main$313                         main
     00000307  A$main$314                         main
     00000309  A$main$315                         main
     0000030A  A$main$316                         main
     0000030D  A$main$321                         main
     0000030D  C$main.c$100$4_1$150               main
     0000030E  A$main$322                         main
ASxxxx Linker V03.00/V05.40 + sdld,  page 10.
Hexadecimal  [32-Bits]

Area                                    Addr        Size        Decimal Bytes (Attributes)
--------------------------------        ----        ----        ------- ----- ------------
_CODE                               00000200    00000276 =         630. bytes (REL,CON)

      Value  Global                              Global Defined In Module
      -----  --------------------------------   ------------------------
     00000310  A$main$326                         main
     00000312  A$main$327                         main
     00000313  A$main$328                         main
     00000314  A$main$329                         main
     00000315  A$main$330                         main
     00000318  A$main$331                         main
     00000319  A$main$332                         main
     0000031A  A$main$333                         main
     0000031B  A$main$334                         main
     0000031D  A$main$335                         main
     0000031E  A$main$336                         main
     0000031F  A$main$337                         main
     00000320  A$main$338                         main
     00000322  A$main$342                         main
     00000322  C$main.c$111$1_0$144               main
     00000323  A$main$343                         main
     00000324  A$main$344                         main
     00000325  A$main$345                         main
     00000326  A$main$346                         main
     00000327  A$main$347                         main
     00000328  A$main$348                         main
     00000329  A$main$352                         main
     00000329  C$main.c$101$1_0$144               main
     0000032A  A$main$353                         main
     0000032B  A$main$354                         main
     0000032D  A$main$355                         main
     0000032F  A$main$357                         main
     00000331  A$main$358                         main
     00000333  A$main$359                         main
     00000334  A$main$360                         main
     00000336  A$main$361                         main
     00000337  A$main$362                         main
     00000339  A$main$363                         main
     0000033A  A$main$364                         main
     0000033C  A$main$365                         main
     0000033D  A$main$366                         main
     0000033E  A$main$367                         main
     00000340  A$main$368                         main
     00000341  A$main$369                         main
     00000343  A$main$373                         main
     00000343  C$main.c$102$4_1$150               main
     00000345  A$main$374                         main
     00000346  A$main$375                         main
     00000347  A$main$376                         main
     00000348  A$main$377                         main
     00000349  A$main$378                         main
     0000034B  A$main$379                         main
     0000034C  A$main$380                         main
     0000034E  A$main$385                         main
     0000034E  C$main.c$103$4_1$150               main
     00000350  A$main$386                         main
ASxxxx Linker V03.00/V05.40 + sdld,  page 11.
Hexadecimal  [32-Bits]

Area                                    Addr        Size        Decimal Bytes (Attributes)
--------------------------------        ----        ----        ------- ----- ------------
_CODE                               00000200    00000276 =         630. bytes (REL,CON)

      Value  Global                              Global Defined In Module
      -----  --------------------------------   ------------------------
     00000352  A$main$391                         main
     00000352  C$main.c$111$4_1$150               main
     00000354  A$main$392                         main
     00000355  A$main$393                         main
     00000357  A$main$394                         main
     00000358  A$main$395                         main
     0000035A  A$main$396                         main
     0000035C  A$main$400                         main
     0000035C  C$main.c$112$5_1$151               main
     0000035E  A$main$401                         main
     00000360  A$main$405                         main
     00000360  C$main.c$113$5_1$151               main
     00000363  A$main$406                         main
     00000364  A$main$407                         main
     00000367  A$main$408                         main
     00000368  A$main$409                         main
     0000036B  A$main$410                         main
     0000036D  A$main$414                         main
     0000036D  C$main.c$114$5_1$151               main
     0000036F  A$main$415                         main
     00000370  A$main$416                         main
     00000371  A$main$417                         main
     00000372  A$main$418                         main
     00000373  A$main$419                         main
     00000375  A$main$422                         main
     00000376  A$main$423                         main
     00000377  A$main$424                         main
     00000379  A$main$427                         main
     0000037A  A$main$428                         main
     0000037B  A$main$429                         main
     0000037D  A$main$432                         main
     0000037E  A$main$433                         main
     0000037F  A$main$434                         main
     00000380  A$main$435                         main
     00000382  A$main$436                         main
     00000383  A$main$437                         main
     00000386  A$main$438                         main
     00000388  A$main$442                         main
     00000388  C$main.c$115$5_1$151               main
     00000389  A$main$443                         main
     0000038B  A$main$447                         main
     0000038B  C$main.c$116$5_1$151               main
     0000038D  A$main$448                         main
     0000038E  A$main$449                         main
     0000038F  A$main$450                         main
     00000390  A$main$451                         main
     00000391  A$main$452                         main
     00000393  A$main$455                         main
     00000394  A$main$456                         main
     00000395  A$main$457                         main
     00000397  A$main$460                         main
ASxxxx Linker V03.00/V05.40 + sdld,  page 12.
Hexadecimal  [32-Bits]

Area                                    Addr        Size        Decimal Bytes (Attributes)
--------------------------------        ----        ----        ------- ----- ------------
_CODE                               00000200    00000276 =         630. bytes (REL,CON)

      Value  Global                              Global Defined In Module
      -----  --------------------------------   ------------------------
     00000398  A$main$461                         main
     00000399  A$main$462                         main
     0000039B  A$main$465                         main
     0000039C  A$main$466                         main
     0000039D  A$main$467                         main
     0000039E  A$main$468                         main
     000003A0  A$main$469                         main
     000003A1  A$main$470                         main
     000003A4  A$main$471                         main
     000003A6  A$main$476                         main
     000003A6  C$main.c$119$4_1$150               main
     000003A8  A$main$477                         main
     000003A9  A$main$478                         main
     000003AB  A$main$479                         main
     000003AC  A$main$480                         main
     000003AF  A$main$484                         main
     000003AF  C$main.c$122$4_1$150               main
     000003B1  A$main$485                         main
     000003B2  A$main$486                         main
     000003B3  A$main$487                         main
     000003B4  A$main$488                         main
     000003B5  A$main$489                         main
     000003B8  A$main$493                         main
     000003B8  C$main.c$124$4_1$150               main
     000003BA  A$main$494                         main
     000003BC  A$main$495                         main
     000003BE  A$main$499                         main
     000003BE  C$main.c$126$4_1$150               main
     000003C0  A$main$500                         main
     000003C2  A$main$501                         main
     000003C5  A$main$506                         main
     000003C5  C$main.c$129$1_0$144               main
     000003C8  A$main$507                         main
     000003CA  A$main$508                         main
     000003CC  A$main$512                         main
     000003CC  C$main.c$130$4_0$152               main
     000003CF  A$main$513                         main
     000003D0  A$main$514                         main
     000003D3  A$main$515                         main
     000003D5  A$main$516                         main
     000003D6  A$main$517                         main
     000003D8  A$main$518                         main
     000003DB  A$main$523                         main
     000003DB  C$main.c$131$3_0$146               main
     000003DD  A$main$524                         main
     000003E0  A$main$528                         main
     000003E0  C$main.c$132$4_0$153               main
     000003E2  A$main$529                         main
     000003E4  A$main$530                         main
     000003E5  A$main$531                         main
     000003E8  A$main$532                         main
ASxxxx Linker V03.00/V05.40 + sdld,  page 13.
Hexadecimal  [32-Bits]

Area                                    Addr        Size        Decimal Bytes (Attributes)
--------------------------------        ----        ----        ------- ----- ------------
_CODE                               00000200    00000276 =         630. bytes (REL,CON)

      Value  Global                              Global Defined In Module
      -----  --------------------------------   ------------------------
     000003EA  A$main$533                         main
     000003EB  A$main$534                         main
     000003ED  A$main$535                         main
     000003F0  A$main$540                         main
     000003F2  A$main$545                         main
     000003F2  C$main.c$136$1_0$144               main
     000003F2  XG$main$0$0                        main
     000003F3  G$blank_tile$0_0$0                 main
     000003F3  _blank_tile                        main
     00000403  G$hicolors$0_0$0                   main
     00000403  _hicolors                          main
     0000041B  A$rng_data$61                      rng_data
     0000041B  C$rng_data.c$13$0_0$141            rng_data
     0000041B  C$rng_data.c$14$1_0$141            rng_data
     0000041B  G$rng_load$0$0                     rng_data
     0000041B  _rng_load                          rng_data
     0000041E  A$rng_data$62                      rng_data
     00000420  A$rng_data$66                      rng_data
     00000420  C$rng_data.c$15$1_0$141            rng_data
     00000423  A$rng_data$67                      rng_data
     00000424  A$rng_data$68                      rng_data
     00000425  A$rng_data$69                      rng_data
     00000426  A$rng_data$70                      rng_data
     00000427  A$rng_data$71                      rng_data
     0000042A  A$rng_data$72                      rng_data
     0000042B  A$rng_data$76                      rng_data
     0000042B  C$rng_data.c$17$1_0$141            rng_data
     0000042E  A$rng_data$77                      rng_data
     00000430  A$rng_data$85                      rng_data
     00000430  C$rng_data.c$18$1_0$141            rng_data
     00000430  XG$rng_load$0$0                    rng_data
     00000431  A$rng_data$98                      rng_data
     00000431  C$rng_data.c$22$1_0$143            rng_data
     00000431  C$rng_data.c$23$1_0$143            rng_data
     00000431  G$rng_save$0$0                     rng_data
     00000431  _rng_save                          rng_data
     00000434  A$rng_data$99                      rng_data
     00000436  A$rng_data$103                     rng_data
     00000436  C$rng_data.c$24$1_0$143            rng_data
     00000439  A$rng_data$104                     rng_data
     0000043C  A$rng_data$105                     rng_data
     0000043F  A$rng_data$106                     rng_data
     00000442  A$rng_data$110                     rng_data
     00000442  C$rng_data.c$25$1_0$143            rng_data
     00000445  A$rng_data$111                     rng_data
     00000447  A$rng_data$119                     rng_data
     00000447  C$rng_data.c$26$1_0$143            rng_data
     00000447  XG$rng_save$0$0                    rng_data
     00000448  A$rng_data$132                     rng_data
     00000448  C$rng_data.c$30$1_0$145            rng_data
     00000448  C$rng_data.c$31$1_0$145            rng_data
ASxxxx Linker V03.00/V05.40 + sdld,  page 14.
Hexadecimal  [32-Bits]

Area                                    Addr        Size        Decimal Bytes (Attributes)
--------------------------------        ----        ----        ------- ----- ------------
_CODE                               00000200    00000276 =         630. bytes (REL,CON)

      Value  Global                              Global Defined In Module
      -----  --------------------------------   ------------------------
     00000448  G$rng_mix$0$0                      rng_data
     00000448  _rng_mix                           rng_data
     0000044A  A$rng_data$133                     rng_data
     0000044B  A$rng_data$134                     rng_data
     0000044E  A$rng_data$135                     rng_data
     0000044F  A$rng_data$136                     rng_data
     00000450  A$rng_data$137                     rng_data
     00000451  A$rng_data$148                     rng_data
     00000451  C$rng_data.c$32$1_0$145            rng_data
     00000451  C$rng_data.c$33$1_0$145            rng_data
     00000451  XG$rng_mix$0$0                     rng_data
     00000454  _cpu_slow                          CGB
     0000046F  _cpu_fast                          CGB
ASxxxx Linker V03.00/V05.40 + sdld,  page 15.
Hexadecimal  [32-Bits]

Area                                    Addr        Size        Decimal Bytes (Attributes)
--------------------------------        ----        ----        ------- ----- ------------
_HEADER0                            00000000    00000001 =           1. bytes (ABS,CON)

      Value  Global                              Global Defined In Module
      -----  --------------------------------   ------------------------
     00000020  .call_hl                           Runtime

ASxxxx Linker V03.00/V05.40 + sdld,  page 16.
Hexadecimal  [32-Bits]

Area                                    Addr        Size        Decimal Bytes (Attributes)
--------------------------------        ----        ----        ------- ----- ------------
_HEADER1                            00000000    00000005 =           5. bytes (ABS,CON)

      Value  Global                              Global Defined In Module
      -----  --------------------------------   ------------------------
     00000028  .MemsetSmall                       Runtime

ASxxxx Linker V03.00/V05.40 + sdld,  page 17.
Hexadecimal  [32-Bits]

Area                                    Addr        Size        Decimal Bytes (Attributes)
--------------------------------        ----        ----        ------- ----- ------------
_HEADER2                            00000000    00000007 =           7. bytes (ABS,CON)

      Value  Global                              Global Defined In Module
      -----  --------------------------------   ------------------------
     00000030  .MemcpySmall                       Runtime

ASxxxx Linker V03.00/V05.40 + sdld,  page 18.
Hexadecimal  [32-Bits]

Area                                    Addr        Size        Decimal Bytes (Attributes)
--------------------------------        ----        ----        ------- ----- ------------
_HEADER3                            00000000    00000008 =           8. bytes (ABS,CON)

      Value  Global                              Global Defined In Module
      -----  --------------------------------   ------------------------
ASxxxx Linker V03.00/V05.40 + sdld,  page 19.
Hexadecimal  [32-Bits]

Area                                    Addr        Size        Decimal Bytes (Attributes)
--------------------------------        ----        ----        ------- ----- ------------
_HEADER4                            00000000    00000060 =          96. bytes (ABS,CON)

      Value  Global                              Global Defined In Module
      -----  --------------------------------   ------------------------
     00000080  .int                               Runtime
     0000008F  _wait_int_handler                  Runtime
     0000009C  __standard_VBL_handler             Runtime
     000000AB  _refresh_OAM                       Runtime
     000000CC  _set_interrupts                    Runtime

ASxxxx Linker V03.00/V05.40 + sdld,  page 20.
Hexadecimal  [32-Bits]

Area                                    Addr        Size        Decimal Bytes (Attributes)
--------------------------------        ----        ----        ------- ----- ------------
_HEADER5                            00000000    00000001 =           1. bytes (ABS,CON)

      Value  Global                              Global Defined In Module
      -----  --------------------------------   ------------------------
ASxxxx Linker V03.00/V05.40 + sdld,  page 21.
Hexadecimal  [32-Bits]

Area                                    Addr        Size        Decimal Bytes (Attributes)
--------------------------------        ----        ----        ------- ----- ------------
_HEADER6                            00000000    00000002 =           2. bytes (ABS,CON)

      Value  Global                              Global Defined In Module
      -----  --------------------------------   ------------------------
ASxxxx Linker V03.00/V05.40 + sdld,  page 22.
Hexadecimal  [32-Bits]

Area                                    Addr        Size        Decimal Bytes (Attributes)
--------------------------------        ----        ----        ------- ----- ------------
_HEADER7                            00000000    00000030 =          48. bytes (ABS,CON)

      Value  Global                              Global Defined In Module
      -----  --------------------------------   ------------------------
ASxxxx Linker V03.00/V05.40 + sdld,  page 23.
Hexadecimal  [32-Bits]

Area                                    Addr        Size        Decimal Bytes (Attributes)
--------------------------------        ----        ----        ------- ----- ------------
_HEADER8                            00000000    00000006 =           6. bytes (ABS,CON)

      Value  Global                              Global Defined In Module
      -----  --------------------------------   ------------------------
ASxxxx Linker V03.00/V05.40 + sdld,  page 24.
Hexadecimal  [32-Bits]

Area                                    Addr        Size        Decimal Bytes (Attributes)
--------------------------------        ----        ----        ------- ----- ------------
_HEADER9                            00000000    00000003 =           3. bytes (ABS,CON)

      Value  Global                              Global Defined In Module
      -----  --------------------------------   ------------------------
ASxxxx Linker V03.00/V05.40 + sdld,  page 25.
Hexadecimal  [32-Bits]

Area                                    Addr        Size        Decimal Bytes (Attributes)
--------------------------------        ----        ----        ------- ----- ------------
_HEADERa                            00000000    00000001 =           1. bytes (ABS,CON)

      Value  Global                              Global Defined In Module
      -----  --------------------------------   ------------------------
ASxxxx Linker V03.00/V05.40 + sdld,  page 26.
Hexadecimal  [32-Bits]

Area                                    Addr        Size        Decimal Bytes (Attributes)
--------------------------------        ----        ----        ------- ----- ------------
_HEADERb                            00000000    00000001 =           1. bytes (ABS,CON)

      Value  Global                              Global Defined In Module
      -----  --------------------------------   ------------------------
ASxxxx Linker V03.00/V05.40 + sdld,  page 27.
Hexadecimal  [32-Bits]

Area                                    Addr        Size        Decimal Bytes (Attributes)
--------------------------------        ----        ----        ------- ----- ------------
_HEADERc                            00000000    00000001 =           1. bytes (ABS,CON)

      Value  Global                              Global Defined In Module
      -----  --------------------------------   ------------------------
ASxxxx Linker V03.00/V05.40 + sdld,  page 28.
Hexadecimal  [32-Bits]

Area                                    Addr        Size        Decimal Bytes (Attributes)
--------------------------------        ----        ----        ------- ----- ------------
_HEADERd                            00000000    00000002 =           2. bytes (ABS,CON)

      Value  Global                              Global Defined In Module
      -----  --------------------------------   ------------------------
ASxxxx Linker V03.00/V05.40 + sdld,  page 29.
Hexadecimal  [32-Bits]

Area                                    Addr        Size        Decimal Bytes (Attributes)
--------------------------------        ----        ----        ------- ----- ------------
_HEADERe                            00000000    00000001 =           1. bytes (ABS,CON)

      Value  Global                              Global Defined In Module
      -----  --------------------------------   ------------------------
ASxxxx Linker V03.00/V05.40 + sdld,  page 30.
Hexadecimal  [32-Bits]

Area                                    Addr        Size        Decimal Bytes (Attributes)
--------------------------------        ----        ----        ------- ----- ------------
_HEADERf                            00000000    00000001 =           1. bytes (ABS,CON)

      Value  Global                              Global Defined In Module
      -----  --------------------------------   ------------------------
ASxxxx Linker V03.00/V05.40 + sdld,  page 31.
Hexadecimal  [32-Bits]

Area                                    Addr        Size        Decimal Bytes (Attributes)
--------------------------------        ----        ----        ------- ----- ------------
_HEADER10                           00000000    00000002 =           2. bytes (ABS,CON)

      Value  Global                              Global Defined In Module
      -----  --------------------------------   ------------------------
ASxxxx Linker V03.00/V05.40 + sdld,  page 32.
Hexadecimal  [32-Bits]

Area                                    Addr        Size        Decimal Bytes (Attributes)
--------------------------------        ----        ----        ------- ----- ------------
_HEADER11                           00000000    000000AB =         171. bytes (ABS,CON)

      Value  Global                              Global Defined In Module
      -----  --------------------------------   ------------------------
     00000150  .reset                             Runtime
     00000150  _reset                             Runtime
     00000157  .code_start                        Runtime
     000001B9  _exit                              Runtime
     000001BD  .wait_vbl_done                     Runtime
     000001BD  _vsync                             Runtime
     000001BD  _wait_vbl_done                     Runtime
     000001CD  .remove_VBL                        Runtime
     000001CD  _remove_VBL                        Runtime
     000001D0  .remove_int                        Runtime
     000001ED  .add_VBL                           Runtime
     000001ED  _add_VBL                           Runtime
     000001F0  .add_int                           Runtime

ASxxxx Linker V03.00/V05.40 + sdld,  page 33.
Hexadecimal  [32-Bits]

Area                                    Addr        Size        Decimal Bytes (Attributes)
--------------------------------        ----        ----        ------- ----- ------------
_HOME                               00000476    000003CB =         971. bytes (REL,CON)

      Value  Global                              Global Defined In Module
      -----  --------------------------------   ------------------------
     00000476  .memset_simple                     Runtime
     0000047F  .memcpy_simple                     Runtime
     0000049C  .display_off                       Runtime
     0000049C  _display_off                       Runtime
     000004B4  A$gbc_hicolor$71                   gbc_hicolor
     000004B4  C$gbc_hicolor.c$116$1_0$139        gbc_hicolor
     000004B4  C$gbc_hicolor.c$20$0_0$139         gbc_hicolor
     000004B4  G$hicolor_palette_isr$0$0          gbc_hicolor
     000004B4  _hicolor_palette_isr               gbc_hicolor
     000004B6  A$gbc_hicolor$72                   gbc_hicolor
     000004B7  A$gbc_hicolor$73                   gbc_hicolor
     000004BA  A$gbc_hicolor$74                   gbc_hicolor
     000004BB  A$gbc_hicolor$75                   gbc_hicolor
     000004BD  A$gbc_hicolor$76                   gbc_hicolor
     000004BF  A$gbc_hicolor$77                   gbc_hicolor
     000004C2  A$gbc_hicolor$79                   gbc_hicolor
     000004C5  A$gbc_hicolor$80                   gbc_hicolor
     000004C8  A$gbc_hicolor$81                   gbc_hicolor
     000004C9  A$gbc_hicolor$82                   gbc_hicolor
     000004CA  A$gbc_hicolor$83                   gbc_hicolor
     000004CB  A$gbc_hicolor$84                   gbc_hicolor
     000004CD  A$gbc_hicolor$85                   gbc_hicolor
     000004CF  A$gbc_hicolor$86                   gbc_hicolor
     000004D0  A$gbc_hicolor$87                   gbc_hicolor
     000004D2  A$gbc_hicolor$88                   gbc_hicolor
     000004D3  A$gbc_hicolor$89                   gbc_hicolor
     000004D5  A$gbc_hicolor$90                   gbc_hicolor
     000004D6  A$gbc_hicolor$91                   gbc_hicolor
     000004D7  A$gbc_hicolor$92                   gbc_hicolor
     000004D8  A$gbc_hicolor$93                   gbc_hicolor
     000004D9  A$gbc_hicolor$94                   gbc_hicolor
     000004DA  A$gbc_hicolor$95                   gbc_hicolor
     000004DB  A$gbc_hicolor$96                   gbc_hicolor
     000004DD  A$gbc_hicolor$97                   gbc_hicolor
     000004DF  A$gbc_hicolor$98                   gbc_hicolor
     000004E2  A$gbc_hicolor$99                   gbc_hicolor
     000004E3  A$gbc_hicolor$100                  gbc_hicolor
     000004E5  A$gbc_hicolor$102                  gbc_hicolor
     000004E6  A$gbc_hicolor$103                  gbc_hicolor
     000004E7  A$gbc_hicolor$104                  gbc_hicolor
     000004E8  A$gbc_hicolor$105                  gbc_hicolor
     000004E9  A$gbc_hicolor$106                  gbc_hicolor
     000004EB  A$gbc_hicolor$108                  gbc_hicolor
     000004ED  A$gbc_hicolor$109                  gbc_hicolor
     000004EF  A$gbc_hicolor$110                  gbc_hicolor
     000004F1  A$gbc_hicolor$111                  gbc_hicolor
     000004F3  A$gbc_hicolor$112                  gbc_hicolor
     000004F6  A$gbc_hicolor$113                  gbc_hicolor
     000004F8  A$gbc_hicolor$114                  gbc_hicolor
     000004FA  A$gbc_hicolor$115                  gbc_hicolor
ASxxxx Linker V03.00/V05.40 + sdld,  page 34.
Hexadecimal  [32-Bits]

Area                                    Addr        Size        Decimal Bytes (Attributes)
--------------------------------        ----        ----        ------- ----- ------------
_HOME                               00000476    000003CB =         971. bytes (REL,CON)

      Value  Global                              Global Defined In Module
      -----  --------------------------------   ------------------------
     000004FB  A$gbc_hicolor$116                  gbc_hicolor
     000004FD  A$gbc_hicolor$118                  gbc_hicolor
     000004FE  A$gbc_hicolor$119                  gbc_hicolor
     000004FF  A$gbc_hicolor$120                  gbc_hicolor
     00000500  A$gbc_hicolor$121                  gbc_hicolor
     00000502  A$gbc_hicolor$122                  gbc_hicolor
     00000503  A$gbc_hicolor$123                  gbc_hicolor
     00000504  A$gbc_hicolor$124                  gbc_hicolor
     00000505  A$gbc_hicolor$125                  gbc_hicolor
     00000506  A$gbc_hicolor$126                  gbc_hicolor
     00000531  A$gbc_hicolor$132                  gbc_hicolor
     00000534  A$gbc_hicolor$133                  gbc_hicolor
     00000535  A$gbc_hicolor$134                  gbc_hicolor
     00000537  A$gbc_hicolor$135                  gbc_hicolor
     00000538  A$gbc_hicolor$136                  gbc_hicolor
     0000053A  A$gbc_hicolor$137                  gbc_hicolor
     0000053D  A$gbc_hicolor$138                  gbc_hicolor
     0000053F  A$gbc_hicolor$139                  gbc_hicolor
     00000540  A$gbc_hicolor$140                  gbc_hicolor
     00000542  A$gbc_hicolor$141                  gbc_hicolor
     00000545  A$gbc_hicolor$142                  gbc_hicolor
     00000546  A$gbc_hicolor$143                  gbc_hicolor
     00000547  A$gbc_hicolor$144                  gbc_hicolor
     00000548  A$gbc_hicolor$145                  gbc_hicolor
     0000054A  A$gbc_hicolor$146                  gbc_hicolor
     0000054D  A$gbc_hicolor$147                  gbc_hicolor
     0000054E  A$gbc_hicolor$155                  gbc_hicolor
     0000054E  C$gbc_hicolor.c$117$1_0$139        gbc_hicolor
     0000054E  XG$hicolor_palette_isr$0$0         gbc_hicolor
     0000054F  A$gbc_hicolor$165                  gbc_hicolor
     0000054F  C$gbc_hicolor.c$125$1_0$141        gbc_hicolor
     0000054F  G$hicolor_start$0$0                gbc_hicolor
     0000054F  _hicolor_start                     gbc_hicolor
     00000551  A$gbc_hicolor$166                  gbc_hicolor
     00000552  A$gbc_hicolor$167                  gbc_hicolor
     00000553  A$gbc_hicolor$168                  gbc_hicolor
     00000554  A$gbc_hicolor$172                  gbc_hicolor
     00000554  C$gbc_hicolor.c$129$1_0$141        gbc_hicolor
     00000555  A$gbc_hicolor$176                  gbc_hicolor
     00000555  C$gbc_hicolor.c$128$2_0$142        gbc_hicolor
     00000556  A$gbc_hicolor$177                  gbc_hicolor
     00000557  A$gbc_hicolor$178                  gbc_hicolor
     0000055A  A$gbc_hicolor$179                  gbc_hicolor
     0000055D  A$gbc_hicolor$180                  gbc_hicolor
     0000055E  A$gbc_hicolor$181                  gbc_hicolor
     0000055F  A$gbc_hicolor$182                  gbc_hicolor
     00000560  A$gbc_hicolor$186                  gbc_hicolor
     00000560  C$gbc_hicolor.c$131$1_0$141        gbc_hicolor
     00000561  A$gbc_hicolor$187                  gbc_hicolor
     00000562  A$gbc_hicolor$188                  gbc_hicolor
     00000565  A$gbc_hicolor$192                  gbc_hicolor
ASxxxx Linker V03.00/V05.40 + sdld,  page 35.
Hexadecimal  [32-Bits]

Area                                    Addr        Size        Decimal Bytes (Attributes)
--------------------------------        ----        ----        ------- ----- ------------
_HOME                               00000476    000003CB =         971. bytes (REL,CON)

      Value  Global                              Global Defined In Module
      -----  --------------------------------   ------------------------
     00000565  C$gbc_hicolor.c$132$1_0$141        gbc_hicolor
     00000568  A$gbc_hicolor$193                  gbc_hicolor
     00000569  A$gbc_hicolor$197                  gbc_hicolor
     00000569  C$gbc_hicolor.c$134$2_0$143        gbc_hicolor
     0000056B  A$gbc_hicolor$198                  gbc_hicolor
     0000056D  A$gbc_hicolor$199                  gbc_hicolor
     0000056E  A$gbc_hicolor$203                  gbc_hicolor
     0000056E  C$gbc_hicolor.c$135$1_1$143        gbc_hicolor
     0000056F  A$gbc_hicolor$204                  gbc_hicolor
     00000570  A$gbc_hicolor$205                  gbc_hicolor
     00000572  A$gbc_hicolor$206                  gbc_hicolor
     00000573  A$gbc_hicolor$207                  gbc_hicolor
     00000575  A$gbc_hicolor$208                  gbc_hicolor
     00000578  A$gbc_hicolor$209                  gbc_hicolor
     00000579  A$gbc_hicolor$214                  gbc_hicolor
     00000579  C$gbc_hicolor.c$138$1_1$143        gbc_hicolor
     0000057C  A$gbc_hicolor$215                  gbc_hicolor
     0000057D  A$gbc_hicolor$216                  gbc_hicolor
     0000057E  A$gbc_hicolor$217                  gbc_hicolor
     0000057F  A$gbc_hicolor$218                  gbc_hicolor
     00000580  A$gbc_hicolor$219                  gbc_hicolor
     00000583  A$gbc_hicolor$220                  gbc_hicolor
     00000584  A$gbc_hicolor$221                  gbc_hicolor
     00000585  A$gbc_hicolor$222                  gbc_hicolor
     00000586  A$gbc_hicolor$223                  gbc_hicolor
     00000587  A$gbc_hicolor$227                  gbc_hicolor
     00000587  C$gbc_hicolor.c$141$1_1$143        gbc_hicolor
     0000058A  A$gbc_hicolor$228                  gbc_hicolor
     0000058B  A$gbc_hicolor$229                  gbc_hicolor
     0000058C  A$gbc_hicolor$230                  gbc_hicolor
     0000058D  A$gbc_hicolor$231                  gbc_hicolor
     0000058F  A$gbc_hicolor$232                  gbc_hicolor
     00000590  A$gbc_hicolor$233                  gbc_hicolor
     00000591  A$gbc_hicolor$234                  gbc_hicolor
     00000592  A$gbc_hicolor$235                  gbc_hicolor
     00000594  A$gbc_hicolor$236                  gbc_hicolor
     00000595  A$gbc_hicolor$237                  gbc_hicolor
     00000596  A$gbc_hicolor$238                  gbc_hicolor
     00000597  A$gbc_hicolor$239                  gbc_hicolor
     00000598  A$gbc_hicolor$240                  gbc_hicolor
     00000599  A$gbc_hicolor$241                  gbc_hicolor
     0000059A  A$gbc_hicolor$244                  gbc_hicolor
     0000059C  A$gbc_hicolor$245                  gbc_hicolor
     0000059D  A$gbc_hicolor$246                  gbc_hicolor
     0000059F  A$gbc_hicolor$247                  gbc_hicolor
     000005A1  A$gbc_hicolor$248                  gbc_hicolor
     000005A3  A$gbc_hicolor$250                  gbc_hicolor
     000005A4  A$gbc_hicolor$251                  gbc_hicolor
     000005A5  A$gbc_hicolor$252                  gbc_hicolor
     000005A6  A$gbc_hicolor$253                  gbc_hicolor
     000005A7  A$gbc_hicolor$254                  gbc_hicolor
ASxxxx Linker V03.00/V05.40 + sdld,  page 36.
Hexadecimal  [32-Bits]

Area                                    Addr        Size        Decimal Bytes (Attributes)
--------------------------------        ----        ----        ------- ----- ------------
_HOME                               00000476    000003CB =         971. bytes (REL,CON)

      Value  Global                              Global Defined In Module
      -----  --------------------------------   ------------------------
     000005A8  A$gbc_hicolor$256                  gbc_hicolor
     000005AB  A$gbc_hicolor$260                  gbc_hicolor
     000005AB  C$gbc_hicolor.c$144$1_1$143        gbc_hicolor
     000005AC  A$gbc_hicolor$261                  gbc_hicolor
     000005AE  A$gbc_hicolor$265                  gbc_hicolor
     000005AE  C$gbc_hicolor.c$145$1_1$143        gbc_hicolor
     000005B1  A$gbc_hicolor$266                  gbc_hicolor
     000005B2  A$gbc_hicolor$267                  gbc_hicolor
     000005B3  A$gbc_hicolor$268                  gbc_hicolor
     000005B4  A$gbc_hicolor$269                  gbc_hicolor
     000005B6  A$gbc_hicolor$270                  gbc_hicolor
     000005B7  A$gbc_hicolor$271                  gbc_hicolor
     000005B8  A$gbc_hicolor$272                  gbc_hicolor
     000005B9  A$gbc_hicolor$273                  gbc_hicolor
     000005BB  A$gbc_hicolor$274                  gbc_hicolor
     000005BC  A$gbc_hicolor$275                  gbc_hicolor
     000005BD  A$gbc_hicolor$276                  gbc_hicolor
     000005BE  A$gbc_hicolor$277                  gbc_hicolor
     000005BF  A$gbc_hicolor$278                  gbc_hicolor
     000005C0  A$gbc_hicolor$279                  gbc_hicolor
     000005C1  A$gbc_hicolor$280                  gbc_hicolor
     000005C2  A$gbc_hicolor$281                  gbc_hicolor
     000005C3  A$gbc_hicolor$282                  gbc_hicolor
     000005C4  A$gbc_hicolor$283                  gbc_hicolor
     000005C5  A$gbc_hicolor$284                  gbc_hicolor
     000005C6  A$gbc_hicolor$285                  gbc_hicolor
     000005C7  A$gbc_hicolor$286                  gbc_hicolor
     000005C8  A$gbc_hicolor$287                  gbc_hicolor
     000005C9  A$gbc_hicolor$291                  gbc_hicolor
     000005CA  A$gbc_hicolor$292                  gbc_hicolor
     000005CB  A$gbc_hicolor$293                  gbc_hicolor
     000005CD  A$gbc_hicolor$294                  gbc_hicolor
     000005CF  A$gbc_hicolor$295                  gbc_hicolor
     000005D0  A$gbc_hicolor$296                  gbc_hicolor
     000005D2  A$gbc_hicolor$298                  gbc_hicolor
     000005D3  A$gbc_hicolor$300                  gbc_hicolor
     000005D5  A$gbc_hicolor$301                  gbc_hicolor
     000005D6  A$gbc_hicolor$302                  gbc_hicolor
     000005D7  A$gbc_hicolor$303                  gbc_hicolor
     000005D8  A$gbc_hicolor$304                  gbc_hicolor
     000005D9  A$gbc_hicolor$305                  gbc_hicolor
     000005DA  A$gbc_hicolor$306                  gbc_hicolor
     000005DC  A$gbc_hicolor$307                  gbc_hicolor
     000005DD  A$gbc_hicolor$308                  gbc_hicolor
     000005E0  A$gbc_hicolor$309                  gbc_hicolor
     000005E2  A$gbc_hicolor$313                  gbc_hicolor
     000005E2  C$gbc_hicolor.c$146$1_1$143        gbc_hicolor
     000005E5  A$gbc_hicolor$314                  gbc_hicolor
     000005E6  A$gbc_hicolor$315                  gbc_hicolor
     000005E7  A$gbc_hicolor$316                  gbc_hicolor
     000005E8  A$gbc_hicolor$317                  gbc_hicolor
ASxxxx Linker V03.00/V05.40 + sdld,  page 37.
Hexadecimal  [32-Bits]

Area                                    Addr        Size        Decimal Bytes (Attributes)
--------------------------------        ----        ----        ------- ----- ------------
_HOME                               00000476    000003CB =         971. bytes (REL,CON)

      Value  Global                              Global Defined In Module
      -----  --------------------------------   ------------------------
     000005E9  A$gbc_hicolor$318                  gbc_hicolor
     000005EB  A$gbc_hicolor$319                  gbc_hicolor
     000005EC  A$gbc_hicolor$320                  gbc_hicolor
     000005ED  A$gbc_hicolor$321                  gbc_hicolor
     000005EE  A$gbc_hicolor$322                  gbc_hicolor
     000005EF  A$gbc_hicolor$323                  gbc_hicolor
     000005F1  A$gbc_hicolor$324                  gbc_hicolor
     000005F2  A$gbc_hicolor$325                  gbc_hicolor
     000005F3  A$gbc_hicolor$326                  gbc_hicolor
     000005F4  A$gbc_hicolor$327                  gbc_hicolor
     000005F5  A$gbc_hicolor$328                  gbc_hicolor
     000005F7  A$gbc_hicolor$329                  gbc_hicolor
     000005F8  A$gbc_hicolor$330                  gbc_hicolor
     000005F9  A$gbc_hicolor$331                  gbc_hicolor
     000005FA  A$gbc_hicolor$332                  gbc_hicolor
     000005FB  A$gbc_hicolor$333                  gbc_hicolor
     000005FC  A$gbc_hicolor$334                  gbc_hicolor
     000005FE  A$gbc_hicolor$335                  gbc_hicolor
     000005FF  A$gbc_hicolor$336                  gbc_hicolor
     00000600  A$gbc_hicolor$337                  gbc_hicolor
     00000601  A$gbc_hicolor$338                  gbc_hicolor
     00000602  A$gbc_hicolor$339                  gbc_hicolor
     00000605  A$gbc_hicolor$340                  gbc_hicolor
     00000607  A$gbc_hicolor$344                  gbc_hicolor
     00000607  C$gbc_hicolor.c$149$1_1$143        gbc_hicolor
     00000609  A$gbc_hicolor$345                  gbc_hicolor
     0000060B  A$gbc_hicolor$349                  gbc_hicolor
     0000060B  C$gbc_hicolor.c$150$1_1$143        gbc_hicolor
     0000060C  A$gbc_hicolor$350                  gbc_hicolor
     0000060D  A$gbc_hicolor$351                  gbc_hicolor
     0000060E  A$gbc_hicolor$352                  gbc_hicolor
     00000610  A$gbc_hicolor$353                  gbc_hicolor
     00000611  A$gbc_hicolor$354                  gbc_hicolor
     00000612  A$gbc_hicolor$355                  gbc_hicolor
     00000613  A$gbc_hicolor$356                  gbc_hicolor
     00000614  A$gbc_hicolor$357                  gbc_hicolor
     00000615  A$gbc_hicolor$358                  gbc_hicolor
     00000616  A$gbc_hicolor$359                  gbc_hicolor
     00000617  A$gbc_hicolor$360                  gbc_hicolor
     00000618  A$gbc_hicolor$361                  gbc_hicolor
     00000619  A$gbc_hicolor$362                  gbc_hicolor
     0000061B  A$gbc_hicolor$363                  gbc_hicolor
     0000061C  A$gbc_hicolor$364                  gbc_hicolor
     0000061E  A$gbc_hicolor$365                  gbc_hicolor
     0000061F  A$gbc_hicolor$366                  gbc_hicolor
     00000620  A$gbc_hicolor$367                  gbc_hicolor
     00000621  A$gbc_hicolor$368                  gbc_hicolor
     00000622  A$gbc_hicolor$369                  gbc_hicolor
     00000623  A$gbc_hicolor$370                  gbc_hicolor
     00000624  A$gbc_hicolor$371                  gbc_hicolor
     00000625  A$gbc_hicolor$372                  gbc_hicolor
ASxxxx Linker V03.00/V05.40 + sdld,  page 38.
Hexadecimal  [32-Bits]

Area                                    Addr        Size        Decimal Bytes (Attributes)
--------------------------------        ----        ----        ------- ----- ------------
_HOME                               00000476    000003CB =         971. bytes (REL,CON)

      Value  Global                              Global Defined In Module
      -----  --------------------------------   ------------------------
     00000626  A$gbc_hicolor$375                  gbc_hicolor
     00000627  A$gbc_hicolor$376                  gbc_hicolor
     00000628  A$gbc_hicolor$379                  gbc_hicolor
     00000629  A$gbc_hicolor$380                  gbc_hicolor
     0000062B  A$gbc_hicolor$381                  gbc_hicolor
     0000062C  A$gbc_hicolor$382                  gbc_hicolor
     0000062E  A$gbc_hicolor$383                  gbc_hicolor
     0000062F  A$gbc_hicolor$384                  gbc_hicolor
     00000630  A$gbc_hicolor$385                  gbc_hicolor
     00000631  A$gbc_hicolor$386                  gbc_hicolor
     00000633  A$gbc_hicolor$387                  gbc_hicolor
     00000634  A$gbc_hicolor$388                  gbc_hicolor
     00000637  A$gbc_hicolor$389                  gbc_hicolor
     00000639  A$gbc_hicolor$394                  gbc_hicolor
     00000639  C$gbc_hicolor.c$151$1_1$143        gbc_hicolor
     0000063C  A$gbc_hicolor$395                  gbc_hicolor
     0000063D  A$gbc_hicolor$396                  gbc_hicolor
     0000063E  A$gbc_hicolor$397                  gbc_hicolor
     0000063F  A$gbc_hicolor$398                  gbc_hicolor
     00000640  A$gbc_hicolor$399                  gbc_hicolor
     00000642  A$gbc_hicolor$400                  gbc_hicolor
     00000643  A$gbc_hicolor$401                  gbc_hicolor
     00000644  A$gbc_hicolor$402                  gbc_hicolor
     00000645  A$gbc_hicolor$403                  gbc_hicolor
     00000646  A$gbc_hicolor$404                  gbc_hicolor
     00000647  A$gbc_hicolor$405                  gbc_hicolor
     00000648  A$gbc_hicolor$406                  gbc_hicolor
     0000064A  A$gbc_hicolor$407                  gbc_hicolor
     0000064B  A$gbc_hicolor$408                  gbc_hicolor
     0000064C  A$gbc_hicolor$409                  gbc_hicolor
     0000064D  A$gbc_hicolor$410                  gbc_hicolor
     0000064E  A$gbc_hicolor$411                  gbc_hicolor
     00000651  A$gbc_hicolor$412                  gbc_hicolor
     00000653  A$gbc_hicolor$416                  gbc_hicolor
     00000653  C$gbc_hicolor.c$152$1_1$143        gbc_hicolor
     00000654  A$gbc_hicolor$417                  gbc_hicolor
     00000656  A$gbc_hicolor$421                  gbc_hicolor
     00000656  C$gbc_hicolor.c$154$1_1$143        gbc_hicolor
     00000658  A$gbc_hicolor$422                  gbc_hicolor
     00000659  A$gbc_hicolor$423                  gbc_hicolor
     0000065B  A$gbc_hicolor$424                  gbc_hicolor
     0000065C  A$gbc_hicolor$425                  gbc_hicolor
     0000065F  A$gbc_hicolor$429                  gbc_hicolor
     0000065F  C$gbc_hicolor.c$162$1_1$143        gbc_hicolor
     00000660  A$gbc_hicolor$433                  gbc_hicolor
     00000660  C$gbc_hicolor.c$158$2_1$144        gbc_hicolor
     00000662  A$gbc_hicolor$434                  gbc_hicolor
     00000664  A$gbc_hicolor$438                  gbc_hicolor
     00000664  C$gbc_hicolor.c$159$2_1$144        gbc_hicolor
     00000666  A$gbc_hicolor$439                  gbc_hicolor
     00000668  A$gbc_hicolor$443                  gbc_hicolor
ASxxxx Linker V03.00/V05.40 + sdld,  page 39.
Hexadecimal  [32-Bits]

Area                                    Addr        Size        Decimal Bytes (Attributes)
--------------------------------        ----        ----        ------- ----- ------------
_HOME                               00000476    000003CB =         971. bytes (REL,CON)

      Value  Global                              Global Defined In Module
      -----  --------------------------------   ------------------------
     00000668  C$gbc_hicolor.c$161$2_1$144        gbc_hicolor
     0000066B  A$gbc_hicolor$444                  gbc_hicolor
     0000066E  A$gbc_hicolor$445                  gbc_hicolor
     0000066F  A$gbc_hicolor$449                  gbc_hicolor
     0000066F  C$gbc_hicolor.c$163$1_1$143        gbc_hicolor
     00000671  A$gbc_hicolor$450                  gbc_hicolor
     00000672  A$gbc_hicolor$451                  gbc_hicolor
     00000674  A$gbc_hicolor$452                  gbc_hicolor
     00000675  A$gbc_hicolor$453                  gbc_hicolor
     00000678  A$gbc_hicolor$458                  gbc_hicolor
     0000067A  A$gbc_hicolor$463                  gbc_hicolor
     0000067A  C$gbc_hicolor.c$164$1_1$141        gbc_hicolor
     0000067A  XG$hicolor_start$0$0               gbc_hicolor
     0000067B  _rand                              
     0000067B  _randw                             
     000006A6  _initrand                          
     000006A8  .initrand                          
     000006E0  .add_LCD                           
     000006E0  _add_LCD                           
     000006E6  .remove_LCD                        
     000006E6  _remove_LCD                        
     000006EC  _fill_bkg_rect                     
     000006FE  .padup                             
     000006FE  _waitpadup                         
     0000070E  .jpad                              
     0000070E  _joypad                            
     00000736  _waitpad                           
     00000737  .wait_pad                          
     0000073E  _set_tile_data                     
     00000743  _set_bkg_data                      
     00000743  _set_win_data                      
     0000074B  _set_sprite_data                   
     0000077B  _set_bkg_tiles                     
     0000078F  .fill_rect_wtt                     
     00000798  .fill_rect_btt                     
     000007E5  .set_xy_wtt                        SetTileMap
     000007EE  .set_xy_btt                        SetTileMap
     000007FD  .set_xy_tt                         SetTileMap

ASxxxx Linker V03.00/V05.40 + sdld,  page 40.
Hexadecimal  [32-Bits]

Area                                    Addr        Size        Decimal Bytes (Attributes)
--------------------------------        ----        ----        ------- ----- ------------
_INITIALIZER                        00000841    00000001 =           1. bytes (REL,CON)

      Value  Global                              Global Defined In Module
      -----  --------------------------------   ------------------------
ASxxxx Linker V03.00/V05.40 + sdld,  page 41.
Hexadecimal  [32-Bits]

Area                                    Addr        Size        Decimal Bytes (Attributes)
--------------------------------        ----        ----        ------- ----- ------------
_GSINIT                             00000842    0000000C =          12. bytes (REL,CON)

      Value  Global                              Global Defined In Module
      -----  --------------------------------   ------------------------
     00000842  gsinit                             Runtime

ASxxxx Linker V03.00/V05.40 + sdld,  page 42.
Hexadecimal  [32-Bits]

Area                                    Addr        Size        Decimal Bytes (Attributes)
--------------------------------        ----        ----        ------- ----- ------------
_GSFINAL                            0000084E    00000001 =           1. bytes (REL,CON)

      Value  Global                              Global Defined In Module
      -----  --------------------------------   ------------------------
ASxxxx Linker V03.00/V05.40 + sdld,  page 43.
Hexadecimal  [32-Bits]

Area                                    Addr        Size        Decimal Bytes (Attributes)
--------------------------------        ----        ----        ------- ----- ------------
_DATA                               0000C0A0    00000024 =          36. bytes (REL,CON)

      Value  Global                              Global Defined In Module
      -----  --------------------------------   ------------------------
     0000C0A0  __cpu                              Runtime
     0000C0A1  __is_GBA                           Runtime
     0000C0A2  .mode                              Runtime
     0000C0A3  .sys_time                          Runtime
     0000C0A3  _sys_time                          Runtime
     0000C0A5  .int_0x40                          Runtime
     0000C0B1  Fgbc_hicolor$SP_SAVE$0_0$0         gbc_hicolor
     0000C0B3  Fgbc_hicolor$STAT_SAVE$0_0$0       gbc_hicolor
     0000C0B4  Fgbc_hicolor$p_hicolor_palettes$   gbc_hicolor
     0000C0B6  Fgbc_hicolor$hicolor_palettes_ba   gbc_hicolor
     0000C0B7  Fgbc_hicolor$hicolor_last_scanli   gbc_hicolor
     0000C0B8  G$buttons$0_0$0                    main
     0000C0B8  _buttons                           main
     0000C0B9  G$buttons_prev$0_0$0               main
     0000C0B9  _buttons_prev                      main
     0000C0BA  ___rand_seed                       
     0000C0BC  .int_0x48                          

ASxxxx Linker V03.00/V05.40 + sdld,  page 44.
Hexadecimal  [32-Bits]

Area                                    Addr        Size        Decimal Bytes (Attributes)
--------------------------------        ----        ----        ------- ----- ------------
_INITIALIZED                        0000C0C4    00000001 =           1. bytes (REL,CON)

      Value  Global                              Global Defined In Module
      -----  --------------------------------   ------------------------
     0000C0C4  __map_tile_offset                  SetTileMap

ASxxxx Linker V03.00/V05.40 + sdld,  page 45.
Hexadecimal  [32-Bits]

Area                                    Addr        Size        Decimal Bytes (Attributes)
--------------------------------        ----        ----        ------- ----- ------------
_HRAM12                             00000000    00000003 =           3. bytes (ABS,CON)

      Value  Global                              Global Defined In Module
      -----  --------------------------------   ------------------------
     0000FF90  __current_bank                     Runtime
     0000FF92  __shadow_OAM_base                  Runtime

ASxxxx Linker V03.00/V05.40 + sdld,  page 46.
Hexadecimal  [32-Bits]

Area                                    Addr        Size        Decimal Bytes (Attributes)
--------------------------------        ----        ----        ------- ----- ------------
_CODE_3                             00034000    00003E08 =       15880. bytes (REL,CON)

      Value  Global                              Global Defined In Module
      -----  --------------------------------   ------------------------
     00034000  C$amiga_meditate.c$13$1_0$141      amiga_meditate
     00034000  C$amiga_meditate.c$5$0_0$136       amiga_meditate
     00034000  G$__func_amiga_meditate$0$0        amiga_meditate
     00034000  G$__func_amiga_meditate_tiles$0$   amiga_meditate
     00034000  ___func_amiga_meditate             amiga_meditate
     00034000  ___func_amiga_meditate_tiles       amiga_meditate
     00034000  _amiga_meditate_tiles              amiga_meditate
     000344D0  C$amiga_meditate.c$14$1_0$143      amiga_meditate
     000344D0  G$__func_amiga_meditate_map$0$0    amiga_meditate
     000344D0  ___func_amiga_meditate_map         amiga_meditate
     000344D0  _amiga_meditate_map                amiga_meditate
     00034638  C$amiga_meditate.c$15$1_0$145      amiga_meditate
     00034638  G$__func_amiga_meditate_attr$0$0   amiga_meditate
     00034638  ___func_amiga_meditate_attr        amiga_meditate
     00034638  _amiga_meditate_attr               amiga_meditate
     000347A0  C$amiga_meditate.c$16$1_0$147      amiga_meditate
     000347A0  G$__func_amiga_meditate_palette$   amiga_meditate
     000347A0  ___func_amiga_meditate_palette     amiga_meditate
     000347A0  _amiga_meditate_palette            amiga_meditate
     000359C1  G$amiga_meditate_data$0_0$0        amiga_meditate
     000359C1  _amiga_meditate_data               amiga_meditate
     000359CC  C$gbbsod_longhorn.c$13$1_0$141     gbbsod_longhorn
     000359CC  C$gbbsod_longhorn.c$5$0_0$136      gbbsod_longhorn
     000359CC  G$__func_gbbsod_longhorn$0$0       gbbsod_longhorn
     000359CC  G$__func_gbbsod_longhorn_tiles$0   gbbsod_longhorn
     000359CC  ___func_gbbsod_longhorn            gbbsod_longhorn
     000359CC  ___func_gbbsod_longhorn_tiles      gbbsod_longhorn
     000359CC  _gbbsod_longhorn_tiles             gbbsod_longhorn
     0003690C  C$gbbsod_longhorn.c$14$1_0$143     gbbsod_longhorn
     0003690C  G$__func_gbbsod_longhorn_map$0$0   gbbsod_longhorn
     0003690C  ___func_gbbsod_longhorn_map        gbbsod_longhorn
     0003690C  _gbbsod_longhorn_map               gbbsod_longhorn
     00036A74  C$gbbsod_longhorn.c$15$1_0$145     gbbsod_longhorn
     00036A74  G$__func_gbbsod_longhorn_attr$0$   gbbsod_longhorn
     00036A74  ___func_gbbsod_longhorn_attr       gbbsod_longhorn
     00036A74  _gbbsod_longhorn_attr              gbbsod_longhorn
     00036BDC  C$gbbsod_longhorn.c$16$1_0$147     gbbsod_longhorn
     00036BDC  G$__func_gbbsod_longhorn_palette   gbbsod_longhorn
     00036BDC  ___func_gbbsod_longhorn_palette    gbbsod_longhorn
     00036BDC  _gbbsod_longhorn_palette           gbbsod_longhorn
     00037DFD  G$gbbsod_longhorn_data$0_0$0       gbbsod_longhorn
     00037DFD  _gbbsod_longhorn_data              gbbsod_longhorn
ASxxxx Linker V03.00/V05.40 + sdld,  page 47.
Hexadecimal  [32-Bits]

Area                                    Addr        Size        Decimal Bytes (Attributes)
--------------------------------        ----        ----        ------- ----- ------------
_CODE_4                             00044000    00003F08 =       16136. bytes (REL,CON)

      Value  Global                              Global Defined In Module
      -----  --------------------------------   ------------------------
     00044000  C$gbbsod_smallqr.c$13$1_0$141      gbbsod_smallqr
     00044000  C$gbbsod_smallqr.c$5$0_0$136       gbbsod_smallqr
     00044000  G$__func_gbbsod_smallqr$0$0        gbbsod_smallqr
     00044000  G$__func_gbbsod_smallqr_tiles$0$   gbbsod_smallqr
     00044000  ___func_gbbsod_smallqr             gbbsod_smallqr
     00044000  ___func_gbbsod_smallqr_tiles       gbbsod_smallqr
     00044000  _gbbsod_smallqr_tiles              gbbsod_smallqr
     00044A70  C$gbbsod_smallqr.c$14$1_0$143      gbbsod_smallqr
     00044A70  G$__func_gbbsod_smallqr_map$0$0    gbbsod_smallqr
     00044A70  ___func_gbbsod_smallqr_map         gbbsod_smallqr
     00044A70  _gbbsod_smallqr_map                gbbsod_smallqr
     00044BD8  C$gbbsod_smallqr.c$15$1_0$145      gbbsod_smallqr
     00044BD8  G$__func_gbbsod_smallqr_attr$0$0   gbbsod_smallqr
     00044BD8  ___func_gbbsod_smallqr_attr        gbbsod_smallqr
     00044BD8  _gbbsod_smallqr_attr               gbbsod_smallqr
     00044D40  C$gbbsod_smallqr.c$16$1_0$147      gbbsod_smallqr
     00044D40  G$__func_gbbsod_smallqr_palette$   gbbsod_smallqr
     00044D40  ___func_gbbsod_smallqr_palette     gbbsod_smallqr
     00044D40  _gbbsod_smallqr_palette            gbbsod_smallqr
     00045F61  G$gbbsod_smallqr_data$0_0$0        gbbsod_smallqr
     00045F61  _gbbsod_smallqr_data               gbbsod_smallqr
     00045F6C  C$gb_win9xbsod.c$13$1_0$141        gb_win9xbsod
     00045F6C  C$gb_win9xbsod.c$5$0_0$136         gb_win9xbsod
     00045F6C  G$__func_gb_win9xbsod$0$0          gb_win9xbsod
     00045F6C  G$__func_gb_win9xbsod_tiles$0$0    gb_win9xbsod
     00045F6C  ___func_gb_win9xbsod               gb_win9xbsod
     00045F6C  ___func_gb_win9xbsod_tiles         gb_win9xbsod
     00045F6C  _gb_win9xbsod_tiles                gb_win9xbsod
     00046A0C  C$gb_win9xbsod.c$14$1_0$143        gb_win9xbsod
     00046A0C  G$__func_gb_win9xbsod_map$0$0      gb_win9xbsod
     00046A0C  ___func_gb_win9xbsod_map           gb_win9xbsod
     00046A0C  _gb_win9xbsod_map                  gb_win9xbsod
     00046B74  C$gb_win9xbsod.c$15$1_0$145        gb_win9xbsod
     00046B74  G$__func_gb_win9xbsod_attr$0$0     gb_win9xbsod
     00046B74  ___func_gb_win9xbsod_attr          gb_win9xbsod
     00046B74  _gb_win9xbsod_attr                 gb_win9xbsod
     00046CDC  C$gb_win9xbsod.c$16$1_0$147        gb_win9xbsod
     00046CDC  G$__func_gb_win9xbsod_palette$0$   gb_win9xbsod
     00046CDC  ___func_gb_win9xbsod_palette       gb_win9xbsod
     00046CDC  _gb_win9xbsod_palette              gb_win9xbsod
     00047EFD  G$gb_win9xbsod_data$0_0$0          gb_win9xbsod
     00047EFD  _gb_win9xbsod_data                 gb_win9xbsod
ASxxxx Linker V03.00/V05.40 + sdld,  page 48.
Hexadecimal  [32-Bits]

Area                                    Addr        Size        Decimal Bytes (Attributes)
--------------------------------        ----        ----        ------- ----- ------------
_CODE_5                             00054000    000039B8 =       14776. bytes (REL,CON)

      Value  Global                              Global Defined In Module
      -----  --------------------------------   ------------------------
     00054000  C$gbbsod_win8.c$13$1_0$141         gbbsod_win8
     00054000  C$gbbsod_win8.c$5$0_0$136          gbbsod_win8
     00054000  G$__func_gbbsod_win8$0$0           gbbsod_win8
     00054000  G$__func_gbbsod_win8_tiles$0$0     gbbsod_win8
     00054000  ___func_gbbsod_win8                gbbsod_win8
     00054000  ___func_gbbsod_win8_tiles          gbbsod_win8
     00054000  _gbbsod_win8_tiles                 gbbsod_win8
     00054820  C$gbbsod_win8.c$14$1_0$143         gbbsod_win8
     00054820  G$__func_gbbsod_win8_map$0$0       gbbsod_win8
     00054820  ___func_gbbsod_win8_map            gbbsod_win8
     00054820  _gbbsod_win8_map                   gbbsod_win8
     00054988  C$gbbsod_win8.c$15$1_0$145         gbbsod_win8
     00054988  G$__func_gbbsod_win8_attr$0$0      gbbsod_win8
     00054988  ___func_gbbsod_win8_attr           gbbsod_win8
     00054988  _gbbsod_win8_attr                  gbbsod_win8
     00054AF0  C$gbbsod_win8.c$16$1_0$147         gbbsod_win8
     00054AF0  G$__func_gbbsod_win8_palette$0$0   gbbsod_win8
     00054AF0  ___func_gbbsod_win8_palette        gbbsod_win8
     00054AF0  _gbbsod_win8_palette               gbbsod_win8
     00055D11  G$gbbsod_win8_data$0_0$0           gbbsod_win8
     00055D11  _gbbsod_win8_data                  gbbsod_win8
     00055D1C  C$macos_classic.c$13$1_0$141       macos_classic
     00055D1C  C$macos_classic.c$5$0_0$136        macos_classic
     00055D1C  G$__func_macos_classic$0$0         macos_classic
     00055D1C  G$__func_macos_classic_tiles$0$0   macos_classic
     00055D1C  ___func_macos_classic              macos_classic
     00055D1C  ___func_macos_classic_tiles        macos_classic
     00055D1C  _macos_classic_tiles               macos_classic
     000564BC  C$macos_classic.c$14$1_0$143       macos_classic
     000564BC  G$__func_macos_classic_map$0$0     macos_classic
     000564BC  ___func_macos_classic_map          macos_classic
     000564BC  _macos_classic_map                 macos_classic
     00056624  C$macos_classic.c$15$1_0$145       macos_classic
     00056624  G$__func_macos_classic_attr$0$0    macos_classic
     00056624  ___func_macos_classic_attr         macos_classic
     00056624  _macos_classic_attr                macos_classic
     0005678C  C$macos_classic.c$16$1_0$147       macos_classic
     0005678C  G$__func_macos_classic_palette$0   macos_classic
     0005678C  ___func_macos_classic_palette      macos_classic
     0005678C  _macos_classic_palette             macos_classic
     000579AD  G$macos_classic_data$0_0$0         macos_classic
     000579AD  _macos_classic_data                macos_classic
ASxxxx Linker V03.00/V05.40 + sdld,  page 49.
Hexadecimal  [32-Bits]

Area                                    Addr        Size        Decimal Bytes (Attributes)
--------------------------------        ----        ----        ------- ----- ------------
_CODE_1                             00014000    0000275C =       10076. bytes (REL,CON)

      Value  Global                              Global Defined In Module
      -----  --------------------------------   ------------------------
     00014000  C$gbstudio_panic.c$13$1_0$141      gbstudio_panic
     00014000  C$gbstudio_panic.c$5$0_0$136       gbstudio_panic
     00014000  G$__func_gbstudio_panic$0$0        gbstudio_panic
     00014000  G$__func_gbstudio_panic_tiles$0$   gbstudio_panic
     00014000  ___func_gbstudio_panic             gbstudio_panic
     00014000  ___func_gbstudio_panic_tiles       gbstudio_panic
     00014000  _gbstudio_panic_tiles              gbstudio_panic
     00015260  C$gbstudio_panic.c$14$1_0$143      gbstudio_panic
     00015260  G$__func_gbstudio_panic_map$0$0    gbstudio_panic
     00015260  ___func_gbstudio_panic_map         gbstudio_panic
     00015260  _gbstudio_panic_map                gbstudio_panic
     000153C8  C$gbstudio_panic.c$15$1_0$145      gbstudio_panic
     000153C8  G$__func_gbstudio_panic_attr$0$0   gbstudio_panic
     000153C8  ___func_gbstudio_panic_attr        gbstudio_panic
     000153C8  _gbstudio_panic_attr               gbstudio_panic
     00015530  C$gbstudio_panic.c$16$1_0$147      gbstudio_panic
     00015530  G$__func_gbstudio_panic_palette$   gbstudio_panic
     00015530  ___func_gbstudio_panic_palette     gbstudio_panic
     00015530  _gbstudio_panic_palette            gbstudio_panic
     00016751  G$gbstudio_panic_data$0_0$0        gbstudio_panic
     00016751  _gbstudio_panic_data               gbstudio_panic
ASxxxx Linker V03.00/V05.40 + sdld,  page 50.
Hexadecimal  [32-Bits]

Area                                    Addr        Size        Decimal Bytes (Attributes)
--------------------------------        ----        ----        ------- ----- ------------
_CODE_2                             00024000    0000272C =       10028. bytes (REL,CON)

      Value  Global                              Global Defined In Module
      -----  --------------------------------   ------------------------
     00024000  C$macosx_panic.c$13$1_0$141        macosx_panic
     00024000  C$macosx_panic.c$5$0_0$136         macosx_panic
     00024000  G$__func_macosx_panic$0$0          macosx_panic
     00024000  G$__func_macosx_panic_tiles$0$0    macosx_panic
     00024000  ___func_macosx_panic               macosx_panic
     00024000  ___func_macosx_panic_tiles         macosx_panic
     00024000  _macosx_panic_tiles                macosx_panic
     00025230  C$macosx_panic.c$14$1_0$143        macosx_panic
     00025230  G$__func_macosx_panic_map$0$0      macosx_panic
     00025230  ___func_macosx_panic_map           macosx_panic
     00025230  _macosx_panic_map                  macosx_panic
     00025398  C$macosx_panic.c$15$1_0$145        macosx_panic
     00025398  G$__func_macosx_panic_attr$0$0     macosx_panic
     00025398  ___func_macosx_panic_attr          macosx_panic
     00025398  _macosx_panic_attr                 macosx_panic
     00025500  C$macosx_panic.c$16$1_0$147        macosx_panic
     00025500  G$__func_macosx_panic_palette$0$   macosx_panic
     00025500  ___func_macosx_panic_palette       macosx_panic
     00025500  _macosx_panic_palette              macosx_panic
     00026721  G$macosx_panic_data$0_0$0          macosx_panic
     00026721  _macosx_panic_data                 macosx_panic
ASxxxx Linker V03.00/V05.40 + sdld,  page 51.
Hexadecimal  [32-Bits]

Area                                    Addr        Size        Decimal Bytes (Attributes)
--------------------------------        ----        ----        ------- ----- ------------
_HEADER_LCD0                        00000000    00000003 =           3. bytes (ABS,CON)

      Value  Global                              Global Defined In Module
      -----  --------------------------------   ------------------------
ASxxxx Linker V03.00/V05.40 + sdld,  page 52.

Files Linked                              [ module(s) ]

/home/birch/git/gbdev/gbdk2020/gbdk-2020-git/build/gbdk/lib/gb/crt0.o
                                          [ Runtime ]
obj/amiga_meditate.rel                    [ amiga_meditate ]
obj/gbbsod_longhorn.rel                   [ gbbsod_longhorn ]
obj/gbbsod_smallqr.rel                    [ gbbsod_smallqr ]
obj/gbbsod_win8.rel                       [ gbbsod_win8 ]
obj/gbstudio_panic.rel                    [ gbstudio_panic ]
obj/gb_win9xbsod.rel                      [ gb_win9xbsod ]
obj/macos_classic.rel                     [ macos_classic ]
obj/macosx_panic.rel                      [ macosx_panic ]
obj/gbc_hicolor.rel                       [ gbc_hicolor ]
obj/main.rel                              [ main ]
obj/rng_data.rel                          [ rng_data ]


Libraries Linked                          [ object file ]

/home/birch/git/gbdev/gbdk2020/gbdk-2020-git/build/gbdk/lib/gb/gb.lib
                                          [ sfr.o ]
/home/birch/git/gbdev/gbdk2020/gbdk-2020-git/build/gbdk/lib/sm83/sm83.lib
                                          [ rand.o ]
/home/birch/git/gbdev/gbdk2020/gbdk-2020-git/build/gbdk/lib/gb/gb.lib
                                          [ lcd.o ]
/home/birch/git/gbdev/gbdk2020/gbdk-2020-git/build/gbdk/lib/gb/gb.lib
                                          [ fill_rect_bk.o ]
/home/birch/git/gbdev/gbdk2020/gbdk-2020-git/build/gbdk/lib/gb/gb.lib
                                          [ pad.o ]
/home/birch/git/gbdev/gbdk2020/gbdk-2020-git/build/gbdk/lib/gb/gb.lib
                                          [ cgb.o ]
/home/birch/git/gbdev/gbdk2020/gbdk-2020-git/build/gbdk/lib/gb/gb.lib
                                          [ set_data.o ]
/home/birch/git/gbdev/gbdk2020/gbdk-2020-git/build/gbdk/lib/gb/gb.lib
                                          [ set_bk_t.o ]
/home/birch/git/gbdev/gbdk2020/gbdk-2020-git/build/gbdk/lib/gb/gb.lib
                                          [ fill_rect.o ]
/home/birch/git/gbdev/gbdk2020/gbdk-2020-git/build/gbdk/lib/gb/gb.lib
                                          [ set_xy_t.o ]

ASxxxx Linker V03.00/V05.40 + sdld,  page 53.

User Base Address Definitions

_DATA=0xC0A0
_CODE=0x0200
ASxxxx Linker V03.00/V05.40 + sdld,  page 54.

User Global Definitions

_shadow_OAM=0xC000
.STACK=0xE000
.refresh_OAM=0xFF80

